
TestMesh

ExplViscous returning FieldCell<Vect> 
> func=VectQuadraticBilinear
order [error]: min= 0.000 [ 0.000e+00]   max= 0.000 [ 0.000e+00]   mean= 0.000 [ 0.000e+00]
> func=VectSine
order [error]: min= 1.984 [ 2.087e-03]   max= 2.058 [ 2.202e-03]   mean= 2.025 [ 2.133e-03]

TestEmbed

TestEmbed

eb.Interpolate() returning FieldEmbed<Scal> 
> func=Linear
>> regular faces between regular cells:
   order [error]: min= 0.000 [ 0.000e+00]   max= 0.000 [ 0.000e+00]   mean= 0.000 [ 0.000e+00]
>> regular faces near cut cell:
   order [error]: min= 1.000 [ 7.216e-07]   max= 1.000 [ 7.216e-07]   mean= 1.000 [ 4.421e-05]
>> cut faces:
   order [error]: min= 0.000 [ 0.000e+00]   max= 1.000 [ 1.160e-06]   mean= 0.995 [ 1.857e-04]
>> embed faces:
   order [error]: min=-0.008 [ 3.113e+00]   max=-0.003 [ 3.136e+00]   mean=-0.006 [ 3.125e+00]
> func=Trilinear
>> regular faces between regular cells:
   order [error]: min= 0.000 [ 0.000e+00]   max= 0.000 [ 0.000e+00]   mean= 0.000 [ 0.000e+00]
>> regular faces near cut cell:
   order [error]: min= 0.910 [ 4.577e-06]   max= 1.077 [ 1.955e-06]   mean= 0.989 [ 4.797e-05]
>> cut faces:
   order [error]: min= 0.908 [ 1.648e-05]   max= 1.082 [ 1.517e-05]   mean= 0.989 [ 2.016e-04]
>> embed faces:
   order [error]: min=-0.024 [ 1.117e+00]   max=-0.009 [ 1.142e+00]   mean=-0.017 [ 1.130e+00]
> func=QuadraticBilinear
>> regular faces between regular cells:
   order [error]: min= 1.983 [ 2.669e-07]   max= 1.995 [ 2.749e-07]   mean= 1.989 [ 2.712e-07]
>> regular faces near cut cell:
   order [error]: min= 0.877 [ 6.182e-06]   max= 1.117 [ 2.740e-06]   mean= 0.983 [ 1.999e-04]
>> cut faces:
   order [error]: min= 0.872 [ 7.556e-06]   max= 1.090 [ 1.009e-05]   mean= 0.984 [ 8.399e-04]
>> embed faces:
   order [error]: min=-0.033 [ 3.482e+00]   max=-0.012 [ 3.584e+00]   mean=-0.022 [ 3.533e+00]
> func=Sine
>> regular faces between regular cells:
   order [error]: min= 2.010 [ 3.745e-06]   max= 2.051 [ 3.745e-06]   mean= 2.030 [ 3.760e-06]
>> regular faces near cut cell:
   order [error]: min= 0.809 [ 1.119e-05]   max= 1.374 [ 7.553e-06]   mean= 1.045 [ 1.483e-04]
>> cut faces:
   order [error]: min= 0.913 [ 6.140e-04]   max= 1.157 [ 7.622e-04]   mean= 1.015 [ 6.754e-04]
>> embed faces:
   order [error]: min= 0.009 [ 2.650e-01]   max= 0.055 [ 2.786e-01]   mean= 0.034 [ 2.740e-01]

eb.GradientLimited() returning FieldEmbed<Scal>
> func=Linear
>> regular faces between regular cells:
   order [error]: min= 0.000 [ 0.000e+00]   max= 0.000 [ 0.000e+00]   mean= 0.000 [ 0.000e+00]
>> regular faces near cut cell:
   order [error]: min=-0.000 [ 1.173e-03]   max= 0.000 [ 1.443e-03]   mean=-0.000 [ 8.842e-02]
>> cut faces:
   order [error]: min=-0.000 [ 6.390e-03]   max= 0.000 [ 2.425e-03]   mean= 0.000 [ 1.752e-01]
>> embed faces:
   order [error]: min= 0.000 [ 1.489e+00]   max= 0.000 [ 1.489e+00]   mean= 0.000 [ 8.614e-01]
> func=Trilinear
>> regular faces between regular cells:
   order [error]: min= 0.000 [ 0.000e+00]   max= 0.000 [ 0.000e+00]   mean= 0.000 [ 0.000e+00]
>> regular faces near cut cell:
   order [error]: min=-0.090 [ 9.154e-03]   max= 0.077 [ 3.910e-03]   mean=-0.011 [ 9.593e-02]
>> cut faces:
   order [error]: min=-0.113 [ 1.809e-02]   max= 0.075 [ 2.103e-02]   mean=-0.011 [ 1.901e-01]
>> embed faces:
   order [error]: min=-0.109 [ 4.755e-02]   max= 0.070 [ 6.097e-02]   mean=-0.011 [ 9.344e-01]
> func=QuadraticBilinear
>> regular faces between regular cells:
   order [error]: min= 0.000 [ 0.000e+00]   max= 0.000 [ 0.000e+00]   mean= 0.000 [ 0.000e+00]
>> regular faces near cut cell:
   order [error]: min=-0.096 [ 1.280e-02]   max= 0.067 [ 1.571e-02]   mean=-0.016 [ 3.998e-01]
>> cut faces:
   order [error]: min=-0.105 [ 2.873e-02]   max= 0.064 [ 3.478e-02]   mean=-0.017 [ 7.921e-01]
>> embed faces:
   order [error]: min=-0.086 [ 2.169e-01]   max= 0.043 [ 2.589e-01]   mean=-0.017 [ 3.895e+00]
> func=Sine
>> regular faces between regular cells:
   order [error]: min= 1.934 [ 8.793e-06]   max= 2.060 [ 1.478e-05]   mean= 1.997 [ 1.243e-05]
>> regular faces near cut cell:
   order [error]: min=-0.083 [ 9.695e-01]   max= 0.139 [ 2.922e-01]   mean= 0.016 [ 2.961e-01]
>> cut faces:
   order [error]: min=-0.161 [ 3.381e-02]   max= 0.158 [ 4.013e-01]   mean= 0.015 [ 6.427e-01]
>> embed faces:
   order [error]: min=-0.090 [ 2.537e+00]   max= 0.151 [ 3.168e+00]   mean= 0.016 [ 3.085e+00]

eb.GradientGauss() returning FieldCell<Vect>
> func=Linear
>> regular cells:
   order [error]: min= 0.000 [ 0.000e+00]   max= 0.000 [ 0.000e+00]   mean= 0.000 [ 0.000e+00]
>> cut cells:
   order [error]: min= 0.000 [ 0.000e+00]   max= 0.000 [ 0.000e+00]   mean=-0.353 [ 2.975e+00]
> func=Trilinear
>> regular cells:
   order [error]: min= 0.000 [ 0.000e+00]   max= 0.000 [ 0.000e+00]   mean= 0.000 [ 0.000e+00]
>> cut cells:
   order [error]: min=-1.204 [ 7.757e-06]   max= 1.200 [ 1.883e-05]   mean= 0.371 [ 3.227e+00]
> func=QuadraticBilinear
>> regular cells:
   order [error]: min= 0.000 [ 0.000e+00]   max= 0.000 [ 0.000e+00]   mean= 0.000 [ 0.000e+00]
>> cut cells:
   order [error]: min=-1.214 [ 2.217e-05]   max= 1.320 [ 1.251e-04]   mean= 0.379 [ 1.345e+01]
> func=Sine
>> regular cells:
   order [error]: min= 1.977 [ 1.219e-05]   max= 2.012 [ 1.267e-05]   mean= 1.997 [ 1.243e-05]
>> cut cells:
   order [error]: min=-0.093 [ 2.986e-02]   max= 1.055 [ 1.346e-03]   mean= 0.633 [ 8.911e+00]

eb.GradientLinearFit() returning FieldCell<Vect>
> func=Linear
>> regular cells:
   order [error]: min= 0.000 [ 0.000e+00]   max= 0.000 [ 0.000e+00]   mean= 0.000 [ 0.000e+00]
>> cut cells:
   order [error]: min=-2.693 [ 2.546e-09]   max= 0.000 [ 0.000e+00]   mean=-1.002 [ 3.301e-07]
> func=Trilinear
>> regular cells:
   order [error]: min= 0.000 [ 0.000e+00]   max= 0.000 [ 0.000e+00]   mean= 0.000 [ 0.000e+00]
>> cut cells:
   order [error]: min=-1.779 [ 4.279e-06]   max= 1.072 [ 6.905e-06]   mean= 0.936 [ 6.134e-05]
> func=QuadraticBilinear
>> regular cells:
   order [error]: min= 0.000 [ 0.000e+00]   max= 0.000 [ 0.000e+00]   mean= 0.000 [ 0.000e+00]
>> cut cells:
   order [error]: min=-2.007 [ 1.762e-05]   max= 1.025 [ 5.033e-05]   mean= 0.935 [ 3.312e-04]
> func=Sine
>> regular cells:
   order [error]: min= 1.977 [ 1.219e-05]   max= 2.012 [ 1.267e-05]   mean= 1.997 [ 1.243e-05]
>> cut cells:
   order [error]: min= 0.878 [ 2.355e-05]   max= 1.287 [ 2.389e-05]   mean= 1.003 [ 3.341e-03]

eb.GradientGauss() returning FieldCell<Vect>
> func=Linear
>> regular cells:
   order [error]: min= 0.000 [ 0.000e+00]   max= 0.000 [ 0.000e+00]   mean= 0.000 [ 0.000e+00]
>> cut cells:
   order [error]: min= 0.000 [ 0.000e+00]   max= 0.000 [ 0.000e+00]   mean=-0.353 [ 2.975e+00]
> func=Trilinear
>> regular cells:
   order [error]: min= 0.000 [ 0.000e+00]   max= 0.000 [ 0.000e+00]   mean= 0.000 [ 0.000e+00]
>> cut cells:
   order [error]: min=-1.204 [ 7.757e-06]   max= 1.200 [ 1.883e-05]   mean= 0.371 [ 3.227e+00]
> func=QuadraticBilinear
>> regular cells:
   order [error]: min= 0.000 [ 0.000e+00]   max= 0.000 [ 0.000e+00]   mean= 0.000 [ 0.000e+00]
>> cut cells:
   order [error]: min=-1.214 [ 2.217e-05]   max= 1.320 [ 1.251e-04]   mean= 0.379 [ 1.345e+01]
> func=Sine
>> regular cells:
   order [error]: min= 1.977 [ 1.219e-05]   max= 2.012 [ 1.267e-05]   mean= 1.997 [ 1.243e-05]
>> cut cells:
   order [error]: min=-0.093 [ 2.986e-02]   max= 1.055 [ 1.346e-03]   mean= 0.633 [ 8.911e+00]

TestEmbedUpwind

eb.InterpolateUpwind() sc=sou returning FieldEmbed<Scal>
> func=Linear
>> regular faces between regular cells:
   order [error]: min= 0.000 [ 0.000e+00]   max= 0.000 [ 0.000e+00]   mean= 0.000 [ 0.000e+00]
>> regular faces near cut cell:
   order [error]: min= 0.000 [ 0.000e+00]   max= 0.000 [ 0.000e+00]   mean=-0.016 [ 1.522e+00]
>> cut faces:
   order [error]: min=-0.027 [ 2.593e-02]   max= 0.035 [ 1.612e-02]   mean=-0.006 [ 1.603e+01]
>> embed faces:
   order [error]: min=-0.008 [ 3.113e+00]   max=-0.003 [ 3.136e+00]   mean=-0.006 [ 3.125e+00]
> func=Trilinear
>> regular faces between regular cells:
   order [error]: min= 0.000 [ 0.000e+00]   max= 0.000 [ 0.000e+00]   mean= 0.000 [ 0.000e+00]
>> regular faces near cut cell:
   order [error]: min= 0.000 [ 0.000e+00]   max= 0.000 [ 0.000e+00]   mean=-0.065 [ 5.503e-01]
>> cut faces:
   order [error]: min=-0.084 [ 8.811e-03]   max= 0.097 [ 6.480e-03]   mean=-0.017 [ 5.796e+00]
>> embed faces:
   order [error]: min=-0.024 [ 1.117e+00]   max=-0.009 [ 1.142e+00]   mean=-0.017 [ 1.130e+00]
> func=QuadraticBilinear
>> regular faces between regular cells:
   order [error]: min= 1.983 [ 8.006e-07]   max= 1.995 [ 8.246e-07]   mean= 1.989 [ 8.135e-07]
>> regular faces near cut cell:
   order [error]: min=-0.033 [ 1.558e+00]   max= 1.994 [ 8.131e-07]   mean= 0.939 [ 1.721e+00]
>> cut faces:
   order [error]: min=-0.114 [ 2.668e-02]   max= 0.123 [ 2.128e-02]   mean=-0.022 [ 1.813e+01]
>> embed faces:
   order [error]: min=-0.033 [ 3.482e+00]   max=-0.012 [ 3.584e+00]   mean=-0.022 [ 3.533e+00]
> func=Sine
>> regular faces between regular cells:
   order [error]: min= 2.011 [ 1.127e-05]   max= 2.051 [ 1.131e-05]   mean= 2.030 [ 1.128e-05]
>> regular faces near cut cell:
   order [error]: min= 0.009 [ 5.674e-01]   max= 2.051 [ 1.124e-05]   mean= 0.988 [ 1.333e-01]
>> cut faces:
   order [error]: min= 0.003 [ 1.577e-02]   max= 0.657 [ 2.222e-03]   mean= 0.036 [ 1.405e+00]
>> embed faces:
   order [error]: min= 0.009 [ 2.650e-01]   max= 0.055 [ 2.786e-01]   mean= 0.034 [ 2.740e-01]

eb.InterpolateUpwind() sc=quick returning FieldEmbed<Scal>
> func=Linear
>> regular faces between regular cells:
   order [error]: min= 0.000 [ 0.000e+00]   max= 0.000 [ 0.000e+00]   mean= 0.000 [ 0.000e+00]
>> regular faces near cut cell:
   order [error]: min= 0.000 [ 0.000e+00]   max= 0.000 [ 0.000e+00]   mean=-0.080 [ 3.805e-01]
>> cut faces:
   order [error]: min=-0.027 [ 6.482e-03]   max= 0.035 [ 4.031e-03]   mean=-0.006 [ 4.008e+00]
>> embed faces:
   order [error]: min=-0.008 [ 3.113e+00]   max=-0.003 [ 3.136e+00]   mean=-0.006 [ 3.125e+00]
> func=Trilinear
>> regular faces between regular cells:
   order [error]: min= 0.000 [ 0.000e+00]   max= 0.000 [ 0.000e+00]   mean= 0.000 [ 0.000e+00]
>> regular faces near cut cell:
   order [error]: min= 0.000 [ 0.000e+00]   max= 0.000 [ 0.000e+00]   mean=  -inf [ 1.376e-01]
>> cut faces:
   order [error]: min=-0.084 [ 2.203e-03]   max= 0.097 [ 1.620e-03]   mean=-0.017 [ 1.449e+00]
>> embed faces:
   order [error]: min=-0.024 [ 1.117e+00]   max=-0.009 [ 1.142e+00]   mean=-0.017 [ 1.130e+00]
> func=QuadraticBilinear
>> regular faces between regular cells:
   order [error]: min= 0.000 [ 0.000e+00]   max= 0.000 [ 0.000e+00]   mean= 0.000 [ 0.000e+00]
>> regular faces near cut cell:
   order [error]: min= 0.000 [ 0.000e+00]   max= 0.000 [ 0.000e+00]   mean=-0.139 [ 4.303e-01]
>> cut faces:
   order [error]: min=-0.114 [ 6.670e-03]   max= 0.123 [ 5.320e-03]   mean=-0.022 [ 4.532e+00]
>> embed faces:
   order [error]: min=-0.033 [ 3.482e+00]   max=-0.012 [ 3.584e+00]   mean=-0.022 [ 3.533e+00]
> func=Sine
>> regular faces between regular cells:
   order [error]: min= 2.933 [ 1.316e-08]   max= 3.061 [ 2.220e-08]   mean= 2.997 [ 1.865e-08]
>> regular faces near cut cell:
   order [error]: min= 0.009 [ 1.418e-01]   max= 3.061 [ 2.222e-08]   mean= 1.450 [ 3.333e-02]
>> cut faces:
   order [error]: min= 0.005 [ 4.827e-03]   max= 0.651 [ 5.524e-04]   mean= 0.036 [ 3.513e-01]
>> embed faces:
   order [error]: min= 0.009 [ 2.650e-01]   max= 0.055 [ 2.786e-01]   mean= 0.034 [ 2.740e-01]
